# MongoDB 权限

##创建用户

**语法**

添加：

```
db.createUser({
  "user": "账号",
  "pwd": "密码",
  "roles": [
    {role: "角色", db: "所属数据库"}
  ]
  })
```

删除：

```
db.dropUser("账号")
```

**角色**

1. 数据库用户角色：read、readWrite;
2. 数据库管理角色：dbAdmin、dbOwner、userAdmin；
3. 集群管理角色：clusterAdmin、clusterManager、clusterMonitor、hostManager；
4. 备份恢复角色：backup、restore；
5. 所有数据库角色：readAnyDatabase、readWriteAnyDatabase、userAdminAnyDatabase、dbAdminAnyDatabase
6. 超级用户角色：root
//这里还有几个角色间接或直接提供了系统超级用户的访问（dbOwner 、userAdmin、userAdminAnyDatabase）


## 开启验证模式

1. 添加超级管理员账户
2. 修改配置或者更换mongod启动参数

配置文件：

```
# file: mongod.conf
security:
  authorization: enabled//启用授权
```

命令行参数：

```
$mongod --dbpath /var/lib/mongo --logpath /var/log/mongodb/mongod.log --fork --auth

```

**创建管理员**

```
> use admin
switched to db admin
>
> db.createUser({
...   "user": "admin",
...   "pwd": "Adm1n000",
...   "roles": [
...     {role: "root", db: "admin"}
...   ]
...   })
Successfully added user: {
        "user" : "admin",
        "roles" : [
                {
                        "role" : "root",
                        "db" : "admin"
                }
        ]
}
> show dbs
admin   0.000GB
config  0.000GB
local   0.000GB
test2   0.001GB
> show collections
system.users
system.version
> db.system.users.find()
{ "_id" : "admin.admin", "userId" : UUID("2ab77514-0921-4579-8693-680f0a849fa2"), "user" : "admin", "db" : "admin", "credentials" : { "SCRAM-SHA-1" : { "iterationCount" : 10000, "salt" : "KpX++tk5M7i2QNKIHDt7KQ==", "storedKey" : "q7mrUEPydyhQBnNpwY8r4pJmO5g=", "serverKey" : "bswG+mrtfQ90fLRzPO+3SyjB6z0=" }, "SCRAM-SHA-256" : { "iterationCount" : 15000, "salt" : "pH0oKDOQ/lo69ecLBMpapccaZ1rL5QPn7D81Fw==", "storedKey" : "ak2fAf49ZMmz5HoGebHjxAyTIoAQO1gKG0HvNvCpGlQ=", "serverKey" : "xivOo9Mf/cd7J/FWFt6MUyygNmwkcClj+e2AdeuItrA=" } }, "roles" : [ { "role" : "root", "db" : "admin" } ] }
> db.system.users.find().pretty()
{
        "_id" : "admin.admin",
        "userId" : UUID("2ab77514-0921-4579-8693-680f0a849fa2"),
        "user" : "admin",
        "db" : "admin",
        "credentials" : {
                "SCRAM-SHA-1" : {
                        "iterationCount" : 10000,
                        "salt" : "KpX++tk5M7i2QNKIHDt7KQ==",
                        "storedKey" : "q7mrUEPydyhQBnNpwY8r4pJmO5g=",
                        "serverKey" : "bswG+mrtfQ90fLRzPO+3SyjB6z0="
                },
                "SCRAM-SHA-256" : {
                        "iterationCount" : 15000,
                        "salt" : "pH0oKDOQ/lo69ecLBMpapccaZ1rL5QPn7D81Fw==",
                        "storedKey" : "ak2fAf49ZMmz5HoGebHjxAyTIoAQO1gKG0HvNvCpGlQ=",
                        "serverKey" : "xivOo9Mf/cd7J/FWFt6MUyygNmwkcClj+e2AdeuItrA="
                }
        },
        "roles" : [
                {
                        "role" : "root",
                        "db" : "admin"
                }
        ]
}
>

```

**改配置重启服务**


```
[root@oracle-2 ~]# vim /etc/mongod.conf
[root@oracle-2 ~]# systemctl restart mongod
[root@oracle-2 ~]# mongo
MongoDB shell version v4.4.0
connecting to: mongodb://127.0.0.1:27017/?compressors=disabled&gssapiServiceName=mongodb
Implicit session: session { "id" : UUID("6fd0dc8a-577e-45f6-8ae8-ef7b0e3b4f00") }
MongoDB server version: 4.4.0
> show dbs
> exit
bye
[root@oracle-2 ~]#
```

**登录**

1. 外部登录

```
$ mongo 127.0.0.1:27017/admin -u admin -p
```

2. 内部登录

先 `use` 到用户对应的数据库，在执行 `db.auth`指令

```
[root@oracle-2 ~]# mongo
> use admin
switched to db admin
> db.auth('admin', 'Adm1n000')    #登录指令
1
> show dbs
admin   0.000GB
config  0.000GB
local   0.000GB
test2   0.001GB
```

## 创建普通用户


**准备数据**

```
> use shop
switched to db shop
> for(let i = 1; i < 10; i++) {
... db.goods.insert({name: "goods"+i, price:i})
... }
WriteResult({ "nInserted" : 1 })
```

**创建用户**

在对应的数据库下创建用户

```
## 切换数据库
use shop

## 创建只读用户
db.createUser({
  user: "shop1",
  pwd: "shop888",
  roles: [{role: "read", db: "shop"}]
  })

## 创建可写用户
db.createUser({
  user: "shop2",
  pwd: "shop888",
  roles: [{role: "readWrite", db: "shop"}]
  })

## 查看用户
use admin
db.system.users.find()
```

## 测试

```
## 只读用户
$ mongo localhost:27017/shop -u shop1 -p shop888
>
> db.goods.insert({name:"hello"})
WriteCommandError({
        "ok" : 0,
        "errmsg" : "not authorized on shop to execute command { insert: \"goods\", ordered: true, lsid: { id: UUID(\"d55b5793-027a-446b-b1f5-92dd9d98a6d8\") }, $db: \"shop\" }",
        "code" : 13,
        "codeName" : "Unauthorized"
})
>

## 可写用户

$ mongo localhost:27017/shop -u shop2 -p shop888
>
> db.goods.insert({name: "haha"})
WriteResult({ "nInserted" : 1 })
```
